= create 1
= add 1
= add 1
= add 1
= add 1
= add 1
= add 1
= add 1
= add 1
= add 1
= add 1
= add 1
= add 1
= add 1
= add 1
= add 1
= add 1
= add 1
= add 1
= add 1
= add 1
= add 1
= add 1
= add 1
= add 1
= add 1
= add 1
= add 1
= add 1
= add 1
= add 1
= add 1
= add 1
= add 1
= add 1
= add 1
= add 1
= add 1
= add 1
= add 1
= add 1
= add 1
= add 1
= add 1
= add 1
= add 1
= add 1
= add 1
= add 1
= add 1
= add 1
= add 1
= add 1
= add 1
= add 1
= add 1
= add 1
= add 1
= add 1
= add 1
= add 1
= add 1
= add 1
= add 1
= add 1
= add 1
= add 1
= add 1
= add 1
= add 1
= add 1
= add 1
= add 1
= add 1
= add 1
= add 1
= add 1
= add 1
= add 1
= add 1
= add 1
= add 1
= add 1
= add 1
= add 1
= add 1
= add 1
= add 1
= add 1
= add 1
= add 1
= add 1
= add 1
= add 1
= add 1
= add 1
= add 1
= add 1
= add 1
= add 1
= add 1
= add 1
= add 1
= add 1
= add 1
= add 1
= add 1
= add 1
= add 1
= add 1
= add 1
= add 1
= add 1
= add 1
= add 1
= add 1
= add 1
= add 1
= add 1
= add 1
= add 1
= add 1
= add 1
= add 1
= add 1
= add 1
= add 1
= add 1
= add 1
= add 1
= add 1
= add 1
= add 1
= add 1
= add 1
= add 1
= add 1
= add 1
= add 1
= add 1
= add 1
= add 1
= add 1
= add 1
= add 1
= add 1
= add 1
= add 1
= add 1
= add 1
= add 1
= add 1
= add 1
= add 1
= add 1
= add 1
= add 1
= add 1
= add 1
= add 1
= add 1
= add 1
= add 1
= add 1
= add 1
= add 1
= add 1
= add 1
= add 1
= add 1
= add 1
= add 1
= add 1
= add 1
= add 1
= add 1
= add 1
= add 1
= add 1
= add 1
= add 1
= add 1
= add 1
= add 1
= add 1
= add 1
= add 1
= add 1
= add 1
= add 1
= add 1
= add 1
= add 1
= add 1
= add 1
= add 1
= add 1
= add 1
= add 1
= add 1
= add 1
= add 1
= add 1
= add 1
= add 1
= add 1
= add 1
= add 1
= add 1
= add 1
= add 1
= add 1
= add 1
= add 1
= add 1
= add 1
= add 1
= add 1
= add 1
= add 1
= add 1
= add 1
= add 1
= add 1
= add 1
= add 1
= add 1
= add 1
= add 1
= add 1
= add 1
= add 1
= add 1
= add 1
= add 1
= add 1
= add 1
= add 1
= add 1
= add 1
= add 1
= add 1
= add 1
= add 1
= add 1
= add 1
= add 1
= add 1
= add 1
= add 1
= add 1
= add 1
= add 1
= add 1
= add 1
= add 1
= add 1
= add 1
= add 1
= add 1
= add 1
= add 1
= add 1
= add 1
= add 1
= add 1
= add 1
= add 1
= add 1
= add 1
= add 1
= add 1
= add 1
= add 1
= add 1
= add 1
= add 1
= add 1
= add 1
= add 1
= add 1
= add 1
= add 1
= add 1
= add 1
= add 1
= add 1
= add 1
= add 1
= add 1
= add 1
= add 1
= add 1
= add 1
= add 1
= add 1
= add 1
= add 1
= add 1
= add 1
= add 1
= add 1
= add 1
= add 1
= add 1
= add 1
= add 1
= add 1
= add 1
= add 1
= add 1
= add 1
= add 1
= add 1
= add 1
= add 1
= add 1
= add 1
= add 1
= add 1
= add 1
= add 1
= add 1
= add 1
= add 1
= add 1
= add 1
= add 1
= add 1
= add 1
= add 1
= add 1
= add 1
= add 1
= add 1
= add 1
= add 1
= add 1
= add 1
= add 1
= add 1
= add 1
= add 1
= add 1
= add 1
= add 1
= add 1
= add 1
= add 1
= add 1
= add 1
= add 1
= add 1
= add 1
= add 1
= add 1
= add 1
= add 1
= add 1
= add 1
= add 1
= add 1
= add 1
= add 1
= add 1
= add 1
= add 1
= add 1
= add 1
= add 1
= add 1
= add 1
= add 1
= add 1
= add 1
= add 1
= add 1
= add 1
= add 1
= add 1
= add 1
= add 1
= add 1
= add 1
= add 1
= add 1
= add 1
= add 1
= add 1
= add 1
= add 1
= add 1
= add 1
= add 1
= add 1
= add 1
= add 1
= add 1
= add 1
= add 1
= add 1
= add 1
= save 0
= vopen 1
= vlookup 0
= vlookup 0
= vlookup 1
= vlookup 0
= vprefix 64
0000
0001
0002
0003
0004
0005
0006
0007
0008
0009
000a
000b
000c
000d
000e
000f
0010
0011
0012
0013
0014
0015
0016
0017
0018
0019
001a
001b
001c
001d
001e
001f
0020
0021
0022
0023
0024
0025
0026
0027
0028
0029
002a
002b
002c
002d
002e
002f
0030
0031
0032
0033
0034
0035
0036
0037
0038
0039
003a
003b
003c
003d
003e
003f
= vprefix 1
cafe
= vclose
= free 1
