= create 1
= add 1
= add 1
= add 1
= add 1
= add 1
= add 1
= add 1
= add 1
= add 1
= add 1
= add 1
= add 1
= add 1
= add 1
= add 1
= add 1
= add 1
= add 1
= add 1
= add 1
= add 1
= add 1
= add 1
= add 1
= add 1
= add 1
= add 1
= add 1
= add 1
= add 1
= add 1
= add 1
= add 1
= add 1
= add 1
= add 1
= add 1
= add 1
= add 1
= add 1
= add 1
= add 1
= add 1
= add 1
= add 1
= add 1
= add 1
= add 1
= add 1
= add 1
= add 1
= add 1
= add 1
= add 1
= add 1
= add 1
= add 1
= add 1
= add 1
= add 1
= add 1
= add 1
= add 1
= add 1
= add 1
= add 1
= add 1
= add 1
= add 1
= add 1
= add 1
= add 1
= save 0
= vopen 1
= vlookup 0
= vlookup 1
= vlookup 1
= vlookup 1
= vlookup 1
= vlookup 1
= vlookup 1
= vlookup 1
= vlookup 1
= vlookup 1
= vlookup 1
= vlookup 1
= vlookup 1
= vlookup 1
= vlookup 1
= vlookup 1
= vlookup 1
= vlookup 1
= vlookup 1
= vlookup 1
= vlookup 1
= vlookup 0
= vlookup 0
= vprefix 1
01
= vprefix 1
01
= vprefix 2
fe
ff
= vprefix 0
= vprefix 0
= vclose
= free 1
