= create 1
= add 1
= add 1
= add 1
= add 1
= add 1
= add 1
= add 1
= add 1
= add 1
= add 1
= stats 6 5 4 8 0
= rank 0
= rank 4
= rank 5
= rank 4
= rank 8
= rank 0
= rank 10
= rank 10
= select 1 61
= select 2 6162
= select 3 616263
= select 3 616264
= select 2 6163
= select 1 62
= select 1 63
= select 2 6300
= select -1
= select -1
= rc 5
= rc 2
= rc 5
= rc 0
= rc 0
= fromstate 1
= rank 1
= rank 5
= rank 5
= select 0 
= select 2 6263
= select -1
= rc 3
= rc 1
= fromstate 0
= rank 0
= fromstate 1
= rank 1
= rank 2
= select 0 
= select 1 63
= rc 0
= fromstate 0
= rank 0
= select 1 61
= save 0
= vopen 1
= vrank 4
= vrank 8
= vrank 10
= vrank 10
= vselect 1 61
= vselect 3 616264
= vselect 2 6300
= vselect -1
= vrc 5
= vrc 10
= vclose
= free 1
