= create 1
= add 1
= add 1
= add 1
= add 1
= add 1
= add 1
= add 1
= add 1
= add 1
= add 1
= add 1
= add 1
= add 1
= add 1
= add 1
= add 1
= add 1
= add 1
= add 1
= add 1
= add 1
= add 1
= add 1
= add 1
= add 1
= add 1
= add 1
= add 1
= add 1
= add 1
= add 1
= add 1
= add 1
= add 1
= add 1
= add 1
= add 1
= add 1
= add 1
= add 1
= add 1
= add 1
= add 1
= add 1
= add 1
= add 1
= add 1
= add 1
= add 1
= add 1
= add 1
= add 1
= add 1
= add 1
= add 1
= add 1
= add 1
= add 1
= add 1
= add 1
= add 1
= add 1
= add 1
= add 1
= add 1
= add 1
= add 1
= add 1
= add 1
= add 1
= add 1
= add 1
= add 1
= add 1
= add 1
= add 1
= add 1
= add 1
= add 1
= add 1
= add 1
= add 1
= add 1
= add 1
= add 1
= add 1
= add 1
= add 1
= add 1
= add 1
= add 1
= add 1
= add 1
= add 1
= add 1
= add 1
= add 1
= add 1
= add 1
= add 1
= add 1
= add 1
= add 1
= add 1
= add 1
= add 1
= add 1
= add 1
= add 1
= add 1
= add 1
= add 1
= add 1
= add 1
= add 1
= add 1
= add 1
= add 1
= add 1
= add 1
= add 1
= add 1
= add 1
= add 1
= add 1
= add 1
= add 1
= add 1
= add 1
= add 1
= add 1
= add 1
= add 1
= add 1
= add 1
= add 1
= add 1
= add 1
= add 1
= add 1
= add 1
= add 1
= add 1
= add 1
= add 1
= add 1
= add 1
= add 1
= add 1
= add 1
= add 1
= add 1
= add 1
= add 1
= add 1
= add 1
= add 1
= add 1
= add 1
= add 1
= add 1
= add 1
= add 1
= add 1
= add 1
= add 1
= add 1
= add 1
= add 1
= add 1
= add 1
= add 1
= add 1
= add 1
= add 1
= add 1
= add 1
= add 1
= add 1
= add 1
= add 1
= add 1
= add 1
= add 1
= add 1
= add 1
= add 1
= add 1
= add 1
= add 1
= add 1
= add 1
= add 1
= add 1
= add 1
= add 1
= add 1
= add 1
= add 1
= add 1
= add 1
= add 1
= add 1
= add 1
= add 1
= add 1
= add 1
= add 1
= add 1
= add 1
= add 1
= add 1
= add 1
= add 1
= add 1
= add 1
= add 1
= add 1
= add 1
= add 1
= add 1
= add 1
= add 1
= add 1
= add 1
= add 1
= add 1
= add 1
= add 1
= add 1
= add 1
= add 1
= add 1
= add 1
= add 1
= add 1
= add 1
= add 1
= add 1
= add 1
= add 1
= add 1
= add 1
= add 1
= add 1
= add 1
= add 1
= add 1
= add 1
= add 1
= add 1
= add 1
= add 1
= add 1
= add 1
= add 1
= add 1
= add 1
= add 1
= add 1
= add 1
= add 1
= add 1
= add 1
= add 1
= add 1
= add 1
= add 1
= add 1
= add 1
= add 1
= add 1
= add 1
= add 1
= add 1
= add 1
= add 1
= add 1
= add 1
= add 1
= add 1
= add 1
= add 1
= add 1
= add 1
= add 1
= add 1
= add 1
= add 1
= add 1
= add 1
= add 1
= add 1
= add 1
= add 1
= add 1
= add 1
= add 1
= add 1
= add 1
= add 1
= add 1
= add 1
= add 1
= add 1
= add 1
= add 1
= add 1
= add 1
= add 1
= add 1
= add 1
= add 1
= add 1
= add 1
= add 1
= add 1
= add 1
= add 1
= add 1
= add 1
= add 1
= add 1
= add 1
= add 1
= add 1
= add 1
= add 1
= add 1
= add 1
= add 1
= add 1
= add 1
= add 1
= add 1
= add 1
= add 1
= add 1
= add 1
= add 1
= add 1
= add 1
= add 1
= add 1
= add 1
= add 1
= add 1
= add 1
= add 1
= add 1
= add 1
= add 1
= add 1
= add 1
= add 1
= add 1
= add 1
= add 1
= add 1
= add 1
= add 1
= add 1
= add 1
= add 1
= add 1
= add 1
= add 1
= add 1
= add 1
= add 1
= add 1
= add 1
= add 1
= add 1
= add 1
= add 1
= add 1
= add 1
= add 1
= add 1
= add 1
= add 1
= add 1
= add 1
= add 1
= add 1
= add 1
= add 1
= add 1
= add 1
= add 1
= add 1
= add 1
= add 1
= add 1
= add 1
= add 1
= add 1
= add 1
= add 1
= add 1
= add 1
= stats 22 21 1 295 148
= select 4 61000000
= select 4 6100003f
= select 4 61010040
= select 4 6101007f
= select 4 61020080
= select 4 610200bf
= select 4 610300c0
= select 4 610300ff
= select 4 61040100
= select 4 6104013f
= select 4 61050140
= select 4 6105017f
= select 4 61060180
= select 4 6106018f
= select 4 6200cafe
= select 4 63000000
= select -1
= rank 0
= rank 128
= rank 400
= rank 401
= rank 402
= rc 400
= rc 402
= fromstate 1
= select 3 000000
= select 3 06018f
= select -1
= rank 0
= free 1
